#-----------------------------------------------------------
# Vivado v2024.1.2 (64-bit)
# SW Build 5164865 on Thu Sep  5 14:37:11 MDT 2024
# IP Build 5164407 on Fri Sep  6 08:18:11 MDT 2024
# SharedData Build 5164864 on Thu Sep 05 13:09:09 MDT 2024
# Start of session at: Thu Oct  9 16:04:25 2025
# Process ID: 26004
# Current directory: C:/Users/andre/OneDrive/Desktop/Sistema
# Command line: vivado.exe -gui_launcher_event rodinguilauncherevent26136 C:\Users\andre\OneDrive\Desktop\Sistema\counter_clock.xpr
# Log file: C:/Users/andre/OneDrive/Desktop/Sistema/vivado.log
# Journal file: C:/Users/andre/OneDrive/Desktop/Sistema\vivado.jou
# Running On        :Benjamin-PC
# Platform          :Windows Server 2016 or Windows 10
# Operating System  :26100
# Processor Detail  :12th Gen Intel(R) Core(TM) i7-12650H
# CPU Frequency     :2688 MHz
# CPU Physical cores:10
# CPU Logical cores :16
# Host memory       :16831 MB
# Swap memory       :9663 MB
# Total Virtual     :26495 MB
# Available Virtual :13052 MB
#-----------------------------------------------------------
start_gui
open_project C:/Users/andre/OneDrive/Desktop/Sistema/counter_clock.xpr
open_hw_manager
update_compile_order -fileset sources_1
connect_hw_server -allow_non_jtag
connect_hw_server -allow_non_jtag
connect_hw_server -allow_non_jtag
connect_hw_server -allow_non_jtag
connect_hw_server -allow_non_jtag
connect_hw_server -allow_non_jtag
